This file contains any messages produced by compilers while
running configure, to aid debugging if configure makes a mistake.

It was created by mpdecimal configure 2.4.2, which was
generated by GNU Autoconf 2.69.  Invocation command line was

  $ ./configure 

## --------- ##
## Platform. ##
## --------- ##

hostname = tud1000122
uname -m = x86_64
uname -r = 16.7.0
uname -s = Darwin
uname -v = Darwin Kernel Version 16.7.0: Wed Feb 27 00:29:57 PST 2019; root:xnu-3789.73.43~1/RELEASE_X86_64

/usr/bin/uname -p = i386
/bin/uname -X     = unknown

/bin/arch              = unknown
/usr/bin/arch -k       = unknown
/usr/convex/getsysinfo = unknown
/usr/bin/hostinfo      = Mach kernel version:
	 Darwin Kernel Version 16.7.0: Wed Feb 27 00:29:57 PST 2019; root:xnu-3789.73.43~1/RELEASE_X86_64
Kernel configured for up to 4 processors.
4 processors are physically available.
4 processors are logically available.
Processor type: x86_64h (Intel x86-64h Haswell)
Processors active: 0 1 2 3
Primary memory available: 8.00 gigabytes
Default processor set: 259 tasks, 1205 threads, 4 processors
Load average: 2.11, Mach factor: 1.96
/bin/machine           = unknown
/usr/bin/oslevel       = unknown
/bin/universe          = unknown

PATH: /Users/localadmin/.rvm/gems/ruby-2.4.2/bin
PATH: /Users/localadmin/.rvm/gems/ruby-2.4.2@global/bin
PATH: /Users/localadmin/.rvm/rubies/ruby-2.4.2/bin
PATH: /Users/localadmin/homebrew/bin
PATH: /Users/localadmin/flutter/bin
PATH: /usr/local/bin
PATH: /usr/bin
PATH: /bin
PATH: /usr/sbin
PATH: /sbin
PATH: /Applications/Wireshark.app/Contents/MacOS
PATH: /Users/localadmin/anaconda3/bin
PATH: /Users/localadmin/anaconda3/condabin
PATH: /Users/localadmin/.rvm/gems/ruby-2.4.2/bin
PATH: /Users/localadmin/.rvm/gems/ruby-2.4.2@global/bin
PATH: /Users/localadmin/.rvm/rubies/ruby-2.4.2/bin
PATH: /Users/localadmin/homebrew/bin
PATH: /Users/localadmin/flutter/bin
PATH: /Users/localadmin/.rvm/bin
PATH: /Users/localadmin/.rvm/bin


## ----------- ##
## Core tests. ##
## ----------- ##

configure:2425: checking build system type
configure:2439: result: x86_64-apple-darwin16.7.0
configure:2459: checking host system type
configure:2472: result: x86_64-apple-darwin16.7.0
configure:2551: checking for gcc
configure:2567: found /usr/bin/gcc
configure:2578: result: gcc
configure:2807: checking for C compiler version
configure:2816: gcc --version >&5
Apple LLVM version 9.0.0 (clang-900.0.39.2)
Target: x86_64-apple-darwin16.7.0
Thread model: posix
InstalledDir: /Applications/Xcode-9.2.app/Contents/Developer/Toolchains/XcodeDefault.xctoolchain/usr/bin
Configured with: --prefix=/Applications/Xcode-9.2.app/Contents/Developer/usr --with-gxx-include-dir=/usr/include/c++/4.2.1
configure:2827: $? = 0
configure:2816: gcc -v >&5
Configured with: --prefix=/Applications/Xcode-9.2.app/Contents/Developer/usr --with-gxx-include-dir=/usr/include/c++/4.2.1
Apple LLVM version 9.0.0 (clang-900.0.39.2)
Target: x86_64-apple-darwin16.7.0
Thread model: posix
InstalledDir: /Applications/Xcode-9.2.app/Contents/Developer/Toolchains/XcodeDefault.xctoolchain/usr/bin
configure:2827: $? = 0
configure:2816: gcc -V >&5
clang: error: argument to '-V' is missing (expected 1 value)
clang: error: no input files
configure:2827: $? = 1
configure:2816: gcc -qversion >&5
clang: error: unknown argument: '-qversion'
clang: error: no input files
configure:2827: $? = 1
configure:2847: checking whether the C compiler works
configure:2869: gcc    conftest.c  >&5
configure:2873: $? = 0
configure:2921: result: yes
configure:2924: checking for C compiler default output file name
configure:2926: result: a.out
configure:2932: checking for suffix of executables
configure:2939: gcc -o conftest    conftest.c  >&5
configure:2943: $? = 0
configure:2965: result: 
configure:2987: checking whether we are cross compiling
configure:2995: gcc -o conftest    conftest.c  >&5
configure:2999: $? = 0
configure:3006: ./conftest
configure:3010: $? = 0
configure:3025: result: no
configure:3030: checking for suffix of object files
configure:3052: gcc -c   conftest.c >&5
configure:3056: $? = 0
configure:3077: result: o
configure:3081: checking whether we are using the GNU C compiler
configure:3100: gcc -c   conftest.c >&5
configure:3100: $? = 0
configure:3109: result: yes
configure:3118: checking whether gcc accepts -g
configure:3138: gcc -c -g  conftest.c >&5
configure:3138: $? = 0
configure:3179: result: yes
configure:3196: checking for gcc option to accept ISO C89
configure:3259: gcc  -c -g -O2  conftest.c >&5
configure:3259: $? = 0
configure:3272: result: none needed
configure:3338: checking for ar
configure:3354: found /usr/bin/ar
configure:3365: result: ar
configure:3430: checking for ranlib
configure:3446: found /usr/bin/ranlib
configure:3457: result: ranlib
configure:3482: checking system as reported by uname -s
configure:3485: result: Darwin
configure:3495: checking how to run the C preprocessor
configure:3526: gcc -E  conftest.c
configure:3526: $? = 0
configure:3540: gcc -E  conftest.c
conftest.c:9:10: fatal error: 'ac_nonexistent.h' file not found
#include <ac_nonexistent.h>
         ^~~~~~~~~~~~~~~~~~
1 error generated.
configure:3540: $? = 1
configure: failed program was:
| /* confdefs.h */
| #define PACKAGE_NAME "mpdecimal"
| #define PACKAGE_TARNAME "mpdecimal"
| #define PACKAGE_VERSION "2.4.2"
| #define PACKAGE_STRING "mpdecimal 2.4.2"
| #define PACKAGE_BUGREPORT "mpdecimal-bugs@bytereef.org"
| #define PACKAGE_URL "http://www.bytereef.org/mpdecimal/index.html"
| /* end confdefs.h.  */
| #include <ac_nonexistent.h>
configure:3565: result: gcc -E
configure:3585: gcc -E  conftest.c
configure:3585: $? = 0
configure:3599: gcc -E  conftest.c
conftest.c:9:10: fatal error: 'ac_nonexistent.h' file not found
#include <ac_nonexistent.h>
         ^~~~~~~~~~~~~~~~~~
1 error generated.
configure:3599: $? = 1
configure: failed program was:
| /* confdefs.h */
| #define PACKAGE_NAME "mpdecimal"
| #define PACKAGE_TARNAME "mpdecimal"
| #define PACKAGE_VERSION "2.4.2"
| #define PACKAGE_STRING "mpdecimal 2.4.2"
| #define PACKAGE_BUGREPORT "mpdecimal-bugs@bytereef.org"
| #define PACKAGE_URL "http://www.bytereef.org/mpdecimal/index.html"
| /* end confdefs.h.  */
| #include <ac_nonexistent.h>
configure:3628: checking for grep that handles long lines and -e
configure:3686: result: /usr/bin/grep
configure:3691: checking for egrep
configure:3753: result: /usr/bin/grep -E
configure:3758: checking for ANSI C header files
configure:3778: gcc -c   conftest.c >&5
configure:3778: $? = 0
configure:3851: gcc -o conftest    conftest.c  >&5
configure:3851: $? = 0
configure:3851: ./conftest
configure:3851: $? = 0
configure:3862: result: yes
configure:3875: checking for sys/types.h
configure:3875: gcc -c   conftest.c >&5
configure:3875: $? = 0
configure:3875: result: yes
configure:3875: checking for sys/stat.h
configure:3875: gcc -c   conftest.c >&5
configure:3875: $? = 0
configure:3875: result: yes
configure:3875: checking for stdlib.h
configure:3875: gcc -c   conftest.c >&5
configure:3875: $? = 0
configure:3875: result: yes
configure:3875: checking for string.h
configure:3875: gcc -c   conftest.c >&5
configure:3875: $? = 0
configure:3875: result: yes
configure:3875: checking for memory.h
configure:3875: gcc -c   conftest.c >&5
configure:3875: $? = 0
configure:3875: result: yes
configure:3875: checking for strings.h
configure:3875: gcc -c   conftest.c >&5
configure:3875: $? = 0
configure:3875: result: yes
configure:3875: checking for inttypes.h
configure:3875: gcc -c   conftest.c >&5
configure:3875: $? = 0
configure:3875: result: yes
configure:3875: checking for stdint.h
configure:3875: gcc -c   conftest.c >&5
configure:3875: $? = 0
configure:3875: result: yes
configure:3875: checking for unistd.h
configure:3875: gcc -c   conftest.c >&5
configure:3875: $? = 0
configure:3875: result: yes
configure:3890: checking for inttypes.h
configure:3890: result: yes
configure:3890: checking for stdint.h
configure:3890: result: yes
configure:3902: checking for size_t
configure:3902: gcc -c   conftest.c >&5
configure:3902: $? = 0
configure:3902: gcc -c   conftest.c >&5
conftest.c:57:21: error: expected expression
if (sizeof ((size_t)))
                    ^
1 error generated.
configure:3902: $? = 1
configure: failed program was:
| /* confdefs.h */
| #define PACKAGE_NAME "mpdecimal"
| #define PACKAGE_TARNAME "mpdecimal"
| #define PACKAGE_VERSION "2.4.2"
| #define PACKAGE_STRING "mpdecimal 2.4.2"
| #define PACKAGE_BUGREPORT "mpdecimal-bugs@bytereef.org"
| #define PACKAGE_URL "http://www.bytereef.org/mpdecimal/index.html"
| #define STDC_HEADERS 1
| #define HAVE_SYS_TYPES_H 1
| #define HAVE_SYS_STAT_H 1
| #define HAVE_STDLIB_H 1
| #define HAVE_STRING_H 1
| #define HAVE_MEMORY_H 1
| #define HAVE_STRINGS_H 1
| #define HAVE_INTTYPES_H 1
| #define HAVE_STDINT_H 1
| #define HAVE_UNISTD_H 1
| #define HAVE_INTTYPES_H 1
| #define HAVE_STDINT_H 1
| /* end confdefs.h.  */
| #include <stdio.h>
| #ifdef HAVE_SYS_TYPES_H
| # include <sys/types.h>
| #endif
| #ifdef HAVE_SYS_STAT_H
| # include <sys/stat.h>
| #endif
| #ifdef STDC_HEADERS
| # include <stdlib.h>
| # include <stddef.h>
| #else
| # ifdef HAVE_STDLIB_H
| #  include <stdlib.h>
| # endif
| #endif
| #ifdef HAVE_STRING_H
| # if !defined STDC_HEADERS && defined HAVE_MEMORY_H
| #  include <memory.h>
| # endif
| # include <string.h>
| #endif
| #ifdef HAVE_STRINGS_H
| # include <strings.h>
| #endif
| #ifdef HAVE_INTTYPES_H
| # include <inttypes.h>
| #endif
| #ifdef HAVE_STDINT_H
| # include <stdint.h>
| #endif
| #ifdef HAVE_UNISTD_H
| # include <unistd.h>
| #endif
| int
| main ()
| {
| if (sizeof ((size_t)))
| 	    return 0;
|   ;
|   return 0;
| }
configure:3902: result: yes
configure:3913: checking for int32_t
configure:3913: gcc -c   conftest.c >&5
configure:3913: $? = 0
configure:3913: gcc -c   conftest.c >&5
conftest.c:58:24: error: 'test_array' declared as an array with a negative size
static int test_array [1 - 2 * !((int32_t) (((((int32_t) 1 << N) << N) - 1) * 2 + 1)
                       ^~~~~~~~~~~~~~~~~~~~~~~~~~~~~~~~~~~~~~~~~~~~~~~~~~~~~~~~~~~~~
1 error generated.
configure:3913: $? = 1
configure: failed program was:
| /* confdefs.h */
| #define PACKAGE_NAME "mpdecimal"
| #define PACKAGE_TARNAME "mpdecimal"
| #define PACKAGE_VERSION "2.4.2"
| #define PACKAGE_STRING "mpdecimal 2.4.2"
| #define PACKAGE_BUGREPORT "mpdecimal-bugs@bytereef.org"
| #define PACKAGE_URL "http://www.bytereef.org/mpdecimal/index.html"
| #define STDC_HEADERS 1
| #define HAVE_SYS_TYPES_H 1
| #define HAVE_SYS_STAT_H 1
| #define HAVE_STDLIB_H 1
| #define HAVE_STRING_H 1
| #define HAVE_MEMORY_H 1
| #define HAVE_STRINGS_H 1
| #define HAVE_INTTYPES_H 1
| #define HAVE_STDINT_H 1
| #define HAVE_UNISTD_H 1
| #define HAVE_INTTYPES_H 1
| #define HAVE_STDINT_H 1
| /* end confdefs.h.  */
| #include <stdio.h>
| #ifdef HAVE_SYS_TYPES_H
| # include <sys/types.h>
| #endif
| #ifdef HAVE_SYS_STAT_H
| # include <sys/stat.h>
| #endif
| #ifdef STDC_HEADERS
| # include <stdlib.h>
| # include <stddef.h>
| #else
| # ifdef HAVE_STDLIB_H
| #  include <stdlib.h>
| # endif
| #endif
| #ifdef HAVE_STRING_H
| # if !defined STDC_HEADERS && defined HAVE_MEMORY_H
| #  include <memory.h>
| # endif
| # include <string.h>
| #endif
| #ifdef HAVE_STRINGS_H
| # include <strings.h>
| #endif
| #ifdef HAVE_INTTYPES_H
| # include <inttypes.h>
| #endif
| #ifdef HAVE_STDINT_H
| # include <stdint.h>
| #endif
| #ifdef HAVE_UNISTD_H
| # include <unistd.h>
| #endif
| 	        enum { N = 32 / 2 - 1 };
| int
| main ()
| {
| static int test_array [1 - 2 * !((int32_t) (((((int32_t) 1 << N) << N) - 1) * 2 + 1)
| 		 < (int32_t) (((((int32_t) 1 << N) << N) - 1) * 2 + 2))];
| test_array [0] = 0;
| return test_array [0];
| 
|   ;
|   return 0;
| }
configure:3913: result: yes
configure:3924: checking for int64_t
configure:3924: gcc -c   conftest.c >&5
configure:3924: $? = 0
configure:3924: gcc -c   conftest.c >&5
conftest.c:58:24: error: 'test_array' declared as an array with a negative size
static int test_array [1 - 2 * !((int64_t) (((((int64_t) 1 << N) << N) - 1) * 2 + 1)
                       ^~~~~~~~~~~~~~~~~~~~~~~~~~~~~~~~~~~~~~~~~~~~~~~~~~~~~~~~~~~~~
1 error generated.
configure:3924: $? = 1
configure: failed program was:
| /* confdefs.h */
| #define PACKAGE_NAME "mpdecimal"
| #define PACKAGE_TARNAME "mpdecimal"
| #define PACKAGE_VERSION "2.4.2"
| #define PACKAGE_STRING "mpdecimal 2.4.2"
| #define PACKAGE_BUGREPORT "mpdecimal-bugs@bytereef.org"
| #define PACKAGE_URL "http://www.bytereef.org/mpdecimal/index.html"
| #define STDC_HEADERS 1
| #define HAVE_SYS_TYPES_H 1
| #define HAVE_SYS_STAT_H 1
| #define HAVE_STDLIB_H 1
| #define HAVE_STRING_H 1
| #define HAVE_MEMORY_H 1
| #define HAVE_STRINGS_H 1
| #define HAVE_INTTYPES_H 1
| #define HAVE_STDINT_H 1
| #define HAVE_UNISTD_H 1
| #define HAVE_INTTYPES_H 1
| #define HAVE_STDINT_H 1
| /* end confdefs.h.  */
| #include <stdio.h>
| #ifdef HAVE_SYS_TYPES_H
| # include <sys/types.h>
| #endif
| #ifdef HAVE_SYS_STAT_H
| # include <sys/stat.h>
| #endif
| #ifdef STDC_HEADERS
| # include <stdlib.h>
| # include <stddef.h>
| #else
| # ifdef HAVE_STDLIB_H
| #  include <stdlib.h>
| # endif
| #endif
| #ifdef HAVE_STRING_H
| # if !defined STDC_HEADERS && defined HAVE_MEMORY_H
| #  include <memory.h>
| # endif
| # include <string.h>
| #endif
| #ifdef HAVE_STRINGS_H
| # include <strings.h>
| #endif
| #ifdef HAVE_INTTYPES_H
| # include <inttypes.h>
| #endif
| #ifdef HAVE_STDINT_H
| # include <stdint.h>
| #endif
| #ifdef HAVE_UNISTD_H
| # include <unistd.h>
| #endif
| 	        enum { N = 64 / 2 - 1 };
| int
| main ()
| {
| static int test_array [1 - 2 * !((int64_t) (((((int64_t) 1 << N) << N) - 1) * 2 + 1)
| 		 < (int64_t) (((((int64_t) 1 << N) << N) - 1) * 2 + 2))];
| test_array [0] = 0;
| return test_array [0];
| 
|   ;
|   return 0;
| }
configure:3924: result: yes
configure:3935: checking for uint32_t
configure:3935: gcc -c   conftest.c >&5
configure:3935: $? = 0
configure:3935: result: yes
configure:3949: checking for uint64_t
configure:3949: gcc -c   conftest.c >&5
configure:3949: $? = 0
configure:3949: result: yes
configure:3963: checking for __uint128_t
configure:3963: gcc -c   conftest.c >&5
configure:3963: $? = 0
configure:3963: gcc -c   conftest.c >&5
conftest.c:57:26: error: expected expression
if (sizeof ((__uint128_t)))
                         ^
1 error generated.
configure:3963: $? = 1
configure: failed program was:
| /* confdefs.h */
| #define PACKAGE_NAME "mpdecimal"
| #define PACKAGE_TARNAME "mpdecimal"
| #define PACKAGE_VERSION "2.4.2"
| #define PACKAGE_STRING "mpdecimal 2.4.2"
| #define PACKAGE_BUGREPORT "mpdecimal-bugs@bytereef.org"
| #define PACKAGE_URL "http://www.bytereef.org/mpdecimal/index.html"
| #define STDC_HEADERS 1
| #define HAVE_SYS_TYPES_H 1
| #define HAVE_SYS_STAT_H 1
| #define HAVE_STDLIB_H 1
| #define HAVE_STRING_H 1
| #define HAVE_MEMORY_H 1
| #define HAVE_STRINGS_H 1
| #define HAVE_INTTYPES_H 1
| #define HAVE_STDINT_H 1
| #define HAVE_UNISTD_H 1
| #define HAVE_INTTYPES_H 1
| #define HAVE_STDINT_H 1
| /* end confdefs.h.  */
| #include <stdio.h>
| #ifdef HAVE_SYS_TYPES_H
| # include <sys/types.h>
| #endif
| #ifdef HAVE_SYS_STAT_H
| # include <sys/stat.h>
| #endif
| #ifdef STDC_HEADERS
| # include <stdlib.h>
| # include <stddef.h>
| #else
| # ifdef HAVE_STDLIB_H
| #  include <stdlib.h>
| # endif
| #endif
| #ifdef HAVE_STRING_H
| # if !defined STDC_HEADERS && defined HAVE_MEMORY_H
| #  include <memory.h>
| # endif
| # include <string.h>
| #endif
| #ifdef HAVE_STRINGS_H
| # include <strings.h>
| #endif
| #ifdef HAVE_INTTYPES_H
| # include <inttypes.h>
| #endif
| #ifdef HAVE_STDINT_H
| # include <stdint.h>
| #endif
| #ifdef HAVE_UNISTD_H
| # include <unistd.h>
| #endif
| int
| main ()
| {
| if (sizeof ((__uint128_t)))
| 	    return 0;
|   ;
|   return 0;
| }
configure:3963: result: yes
configure:3976: checking size of size_t
configure:3981: gcc -o conftest    conftest.c  >&5
configure:3981: $? = 0
configure:3981: ./conftest
configure:3981: $? = 0
configure:3995: result: 8
configure:4009: checking size of __uint128_t
configure:4014: gcc -o conftest    conftest.c  >&5
configure:4014: $? = 0
configure:4014: ./conftest
configure:4014: $? = 0
configure:4028: result: 16
configure:4040: checking for x64 gcc inline assembler
configure:4055: gcc -c   conftest.c >&5
configure:4055: $? = 0
configure:4061: result: yes
configure:4070: checking for x87 gcc inline assembler
configure:4087: gcc -c   conftest.c >&5
configure:4087: $? = 0
configure:4093: result: yes
configure:4102: checking for -O2
configure:4118: gcc -c -O2  conftest.c >&5
configure:4118: $? = 0
configure:4124: result: yes
configure:4143: checking for a BSD-compatible install
configure:4211: result: /Users/localadmin/homebrew/bin/ginstall -c
configure:4226: checking for glibc _FORTIFY_SOURCE/memmove bug
configure:4255: gcc -o conftest -O2 -D_FORTIFY_SOURCE=2   conftest.c  >&5
configure:4255: $? = 0
configure:4255: ./conftest
configure:4255: $? = 0
configure:4265: result: no
configure:4679: creating ./config.status

## ---------------------- ##
## Running config.status. ##
## ---------------------- ##

This file was extended by mpdecimal config.status 2.4.2, which was
generated by GNU Autoconf 2.69.  Invocation command line was

  CONFIG_FILES    = 
  CONFIG_HEADERS  = 
  CONFIG_LINKS    = 
  CONFIG_COMMANDS = 
  $ ./config.status 

on tud1000122

config.status:847: creating Makefile
config.status:847: creating libmpdec/Makefile
config.status:847: creating tests/Makefile
config.status:847: creating libmpdec/mpdecimal.h
config.status:847: creating config.h

## ---------------- ##
## Cache variables. ##
## ---------------- ##

ac_cv_build=x86_64-apple-darwin16.7.0
ac_cv_c_compiler_gnu=yes
ac_cv_c_int32_t=yes
ac_cv_c_int64_t=yes
ac_cv_c_uint32_t=yes
ac_cv_c_uint64_t=yes
ac_cv_env_CC_set=
ac_cv_env_CC_value=
ac_cv_env_CFLAGS_set=
ac_cv_env_CFLAGS_value=
ac_cv_env_CPPFLAGS_set=
ac_cv_env_CPPFLAGS_value=
ac_cv_env_CPP_set=
ac_cv_env_CPP_value=
ac_cv_env_LDFLAGS_set=
ac_cv_env_LDFLAGS_value=
ac_cv_env_LIBS_set=
ac_cv_env_LIBS_value=
ac_cv_env_MACHINE_set=
ac_cv_env_MACHINE_value=
ac_cv_env_build_alias_set=
ac_cv_env_build_alias_value=
ac_cv_env_host_alias_set=
ac_cv_env_host_alias_value=
ac_cv_env_target_alias_set=
ac_cv_env_target_alias_value=
ac_cv_header_inttypes_h=yes
ac_cv_header_memory_h=yes
ac_cv_header_stdc=yes
ac_cv_header_stdint_h=yes
ac_cv_header_stdlib_h=yes
ac_cv_header_string_h=yes
ac_cv_header_strings_h=yes
ac_cv_header_sys_stat_h=yes
ac_cv_header_sys_types_h=yes
ac_cv_header_unistd_h=yes
ac_cv_host=x86_64-apple-darwin16.7.0
ac_cv_objext=o
ac_cv_path_EGREP='/usr/bin/grep -E'
ac_cv_path_GREP=/usr/bin/grep
ac_cv_path_install='/Users/localadmin/homebrew/bin/ginstall -c'
ac_cv_prog_CPP='gcc -E'
ac_cv_prog_ac_ct_AR=ar
ac_cv_prog_ac_ct_CC=gcc
ac_cv_prog_ac_ct_RANLIB=ranlib
ac_cv_prog_cc_c89=
ac_cv_prog_cc_g=yes
ac_cv_sizeof___uint128_t=16
ac_cv_sizeof_size_t=8
ac_cv_type___uint128_t=yes
ac_cv_type_size_t=yes

## ----------------- ##
## Output variables. ##
## ----------------- ##


  #define CONFIG_64
  #error "cannot use CONFIG_32 with 64-bit header."
#endif
#endif'
#ifdef CONFIG_32
#ifndef CONFIG_64
/* ABI: 64-bit */
AR='ar'
CC='gcc'
CFLAGS=''
CONFIGURE_CFLAGS='-Wall -W -Wno-unknown-pragmas -std=c99 -pedantic -DCONFIG_64 -DASM -O2'
CONFIGURE_LDFLAGS=''
CPP='gcc -E'
CPPFLAGS=''
DEFS='-DHAVE_CONFIG_H'
ECHO_C='\c'
ECHO_N=''
ECHO_T=''
EGREP='/usr/bin/grep -E'
EXEEXT=''
GREP='/usr/bin/grep'
INSTALL='/Users/localadmin/homebrew/bin/ginstall -c'
INSTALL_DATA='${INSTALL} -m 644'
INSTALL_PROGRAM='${INSTALL}'
INSTALL_SCRIPT='${INSTALL}'
LD='gcc'
LDFLAGS=''
LIBOBJS=''
LIBS=''
LIBSHARED='libmpdec.so.2.4.2'
LIBSONAME='libmpdec.so.2'
LIBSTATIC='libmpdec.a'
LTLIBOBJS=''
MACHINE='x64'
MPD_CONFIG='-DCONFIG_64 -DASM'
MPD_DPREC='38'
MPD_HEADER=''
MPD_HEADER_CONFIG='
MPD_OPT='-O2'
MPD_PGEN='-fprofile-generate -fprofile-values'
MPD_PREC='19'
MPD_PUSE='-fprofile-use -freorder-blocks'
MPD_WARN='-Wall -W -Wno-unknown-pragmas -std=c99 -pedantic'
OBJEXT='o'
PACKAGE_BUGREPORT='mpdecimal-bugs@bytereef.org'
PACKAGE_NAME='mpdecimal'
PACKAGE_STRING='mpdecimal 2.4.2'
PACKAGE_TARNAME='mpdecimal'
PACKAGE_URL='http://www.bytereef.org/mpdecimal/index.html'
PACKAGE_VERSION='2.4.2'
PATH_SEPARATOR=':'
RANLIB='ranlib'
SHELL='/bin/sh'
ac_ct_CC='gcc'
bindir='${exec_prefix}/bin'
build='x86_64-apple-darwin16.7.0'
build_alias=''
build_cpu='x86_64'
build_os='darwin16.7.0'
build_vendor='apple'
datadir='${datarootdir}'
datarootdir='${prefix}/share'
docdir='${datarootdir}/doc/${PACKAGE_TARNAME}'
dvidir='${docdir}'
exec_prefix='${prefix}'
host='x86_64-apple-darwin16.7.0'
host_alias=''
host_cpu='x86_64'
host_os='darwin16.7.0'
host_vendor='apple'
htmldir='${docdir}'
includedir='${prefix}/include'
infodir='${datarootdir}/info'
libdir='${exec_prefix}/lib'
libexecdir='${exec_prefix}/libexec'
localedir='${datarootdir}/locale'
localstatedir='${prefix}/var'
mandir='${datarootdir}/man'
oldincludedir='/usr/include'
pdfdir='${docdir}'
prefix='/usr/local'
program_transform_name='s,x,x,'
psdir='${docdir}'
sbindir='${exec_prefix}/sbin'
sharedstatedir='${prefix}/com'
sysconfdir='${prefix}/etc'
target_alias=''

## ----------- ##
## confdefs.h. ##
## ----------- ##

/* confdefs.h */
#define PACKAGE_NAME "mpdecimal"
#define PACKAGE_TARNAME "mpdecimal"
#define PACKAGE_VERSION "2.4.2"
#define PACKAGE_STRING "mpdecimal 2.4.2"
#define PACKAGE_BUGREPORT "mpdecimal-bugs@bytereef.org"
#define PACKAGE_URL "http://www.bytereef.org/mpdecimal/index.html"
#define STDC_HEADERS 1
#define HAVE_SYS_TYPES_H 1
#define HAVE_SYS_STAT_H 1
#define HAVE_STDLIB_H 1
#define HAVE_STRING_H 1
#define HAVE_MEMORY_H 1
#define HAVE_STRINGS_H 1
#define HAVE_INTTYPES_H 1
#define HAVE_STDINT_H 1
#define HAVE_UNISTD_H 1
#define HAVE_INTTYPES_H 1
#define HAVE_STDINT_H 1
#define HAVE_UINT128_T 1
#define SIZEOF_SIZE_T 8
#define SIZEOF___UINT128_T 16
#define HAVE_GCC_ASM_FOR_X64 1
#define HAVE_GCC_ASM_FOR_X87 1

configure: exit 0
